// Jest Snapshot v1, https://goo.gl/fbAQLP

exports[`should render CitiesList correctly 1`] = `
<section
  className="locations container"
>
  <ul
    className="locations__list tabs__list"
  >
    <li
      className="locations__item"
    >
      <a
        className="locations__item-link tabs__item "
        onClick={[Function]}
      >
        <span />
      </a>
    </li>
    <li
      className="locations__item"
    >
      <a
        className="locations__item-link tabs__item "
        onClick={[Function]}
      >
        <span />
      </a>
    </li>
    <li
      className="locations__item"
    >
      <a
        className="locations__item-link tabs__item "
        onClick={[Function]}
      >
        <span />
      </a>
    </li>
    <li
      className="locations__item"
    >
      <a
        className="locations__item-link tabs__item "
        onClick={[Function]}
      >
        <span />
      </a>
    </li>
    <li
      className="locations__item"
    >
      <a
        className="locations__item-link tabs__item "
        onClick={[Function]}
      >
        <span />
      </a>
    </li>
    <li
      className="locations__item"
    >
      <a
        className="locations__item-link tabs__item "
        onClick={[Function]}
      >
        <span />
      </a>
    </li>
  </ul>
</section>
`;
