// Jest Snapshot v1, https://goo.gl/fbAQLP

exports[`Map renders correctly should  1`] = `
<div
  style={
    Object {
      "height": "100%",
    }
  }
/>
`;
