// Jest Snapshot v1, https://goo.gl/fbAQLP

exports[`withListState HOC unit tests should render wrapped component correctly 1`] = `
<div
  className="test"
>
  test
</div>
`;
